node.exe : ts-jest[config] (WARN) [94mmessage[0m[90m TS151001: [0mIf you have issues related to 
imports, you should consider setting `esModuleInterop` to `true` in your TypeScript configuration file 
(usually `tsconfig.json`). See https://blogs.msdn.microsoft.com/typescript/2018/01/31/announcing-typescript
-2-7/#easier-ecmascript-module-interoperability for more information.
In D:\nodejs\npx.ps1:29 car:3
+   & $NODE_EXE $NPX_CLI_JS $args
+   ~~~~~~~~~~~~~~~~~~~~~~~~~~~~~
    + CategoryInfo          : NotSpecified: (ts-jest[config]...re information.:String) [], RemoteException
    + FullyQualifiedErrorId : NativeCommandError
 
  console.error
    Error initializing cache: ReferenceError: IDBKeyRange is not defined
        at IDBKeyRange (D:\student-analyst\src\services\IndexedDBCacheL3.ts:267:40)
        at new Promise (<anonymous>)
        at IndexedDBCacheL3.<anonymous> (D:\student-analyst\src\services\IndexedDBCacheL3.ts:259:12)
        at Generator.next (<anonymous>)
        at D:\student-analyst\src\services\IndexedDBCacheL3.ts:8897:40
        at new Promise (<anonymous>)
        at Object.<anonymous>.__awaiter (D:\student-analyst\src\services\IndexedDBCacheL3.ts:8846:10)
        at IndexedDBCacheL3.cleanup (D:\student-analyst\src\services\IndexedDBCacheL3.ts:9512:12)
        at IndexedDBCacheL3.cleanup (D:\student-analyst\src\services\IndexedDBCacheL3.ts:244:18)
        at Generator.next (<anonymous>)
        at fulfilled (D:\student-analyst\src\services\IndexedDBCacheL3.ts:8860:24)
        at runNextTicks (node:internal/process/task_queues:65:5)
        at listOnTimeout (node:internal/timers:549:9)
        at processTimers (node:internal/timers:523:7)

    [0m [90m 80 |[39m console[33m.[39merror [33m=[39m ([33m...[39margs[33m:[39m any[]) [33m=>[39m {
     [90m 81 |[39m   [36mif[39m (args[[35m0[39m][33m?[39m[33m.[39mincludes[33m?[39m[33m.[39m([32m'IndexedDB'[39m)) [36mreturn[39m[33m;[39m
    [31m[1m>[22m[39m[90m 82 |[39m   originalConsoleError([33m...[39margs)[33m;[39m
     [90m    |[39m   [31m[1m^[22m[39m
     [90m 83 |[39m }[33m;[39m
     [90m 84 |[39m
     [90m 85 |[39m [90m// Setup window object[39m[0m

      at console.Object.<anonymous>.console.error (tests/utils/setup.ts:82:3)
      at IndexedDBCacheL3.error (src/services/IndexedDBCacheL3.ts:247:15)
          at Generator.throw (<anonymous>)
      at rejected (src/services/IndexedDBCacheL3.ts:8874:32)

  console.error
    Error clearing cache: ReferenceError: IDBKeyRange is not defined
        at IDBKeyRange (D:\student-analyst\src\services\IndexedDBCacheL3.ts:267:40)
        at new Promise (<anonymous>)
        at IndexedDBCacheL3.<anonymous> (D:\student-analyst\src\services\IndexedDBCacheL3.ts:259:12)
        at Generator.next (<anonymous>)
        at D:\student-analyst\src\services\IndexedDBCacheL3.ts:8897:40
        at new Promise (<anonymous>)
        at Object.<anonymous>.__awaiter (D:\student-analyst\src\services\IndexedDBCacheL3.ts:8846:10)
        at IndexedDBCacheL3.cleanup (D:\student-analyst\src\services\IndexedDBCacheL3.ts:9512:12)
        at IndexedDBCacheL3.cleanup (D:\student-analyst\src\services\IndexedDBCacheL3.ts:244:18)
        at Generator.next (<anonymous>)
        at fulfilled (D:\student-analyst\src\services\IndexedDBCacheL3.ts:8860:24)
        at runNextTicks (node:internal/process/task_queues:65:5)
        at listOnTimeout (node:internal/timers:549:9)
        at processTimers (node:internal/timers:523:7)

    [0m [90m 80 |[39m console[33m.[39merror [33m=[39m ([33m...[39margs[33m:[39m any[]) [33m=>[39m {
     [90m 81 |[39m   [36mif[39m (args[[35m0[39m][33m?[39m[33m.[39mincludes[33m?[39m[33m.[39m([32m'IndexedDB'[39m)) [36mreturn[39m[33m;[39m
    [31m[1m>[22m[39m[90m 82 |[39m   originalConsoleError([33m...[39margs)[33m;[39m
     [90m    |[39m   [31m[1m^[22m[39m
     [90m 83 |[39m }[33m;[39m
     [90m 84 |[39m
     [90m 85 |[39m [90m// Setup window object[39m[0m

      at console.Object.<anonymous>.console.error (tests/utils/setup.ts:82:3)
      at IndexedDBCacheL3.error (src/services/IndexedDBCacheL3.ts:537:17)
          at Generator.throw (<anonymous>)
      at rejected (src/services/IndexedDBCacheL3.ts:8874:32)

  console.error
    Error: Uncaught [TypeError: Cannot read properties of undefined (reading 'contains')]
        at reportException (D:\student-analyst\node_modules\jsdom\lib\jsdom\living\helpers\runtime-script-errors.js:66:24)
        at Timeout.task [as _onTimeout] (D:\student-analyst\node_modules\jsdom\lib\jsdom\browser\Window.js:584:9)
        at listOnTimeout (node:internal/timers:588:17)
        at processTimers (node:internal/timers:523:7) {
      detail: TypeError: Cannot read properties of undefined (reading 'contains')
          at MockIDBRequest.contains [as onupgradeneeded] (D:\student-analyst\src\services\IndexedDBCacheL3.ts:136:34)
          at D:\student-analyst\tests\utils\setup.ts:50:58
          at Timeout.task [as _onTimeout] (D:\student-analyst\node_modules\jsdom\lib\jsdom\browser\Window.js:579:19)
          at listOnTimeout (node:internal/timers:588:17)
          at processTimers (node:internal/timers:523:7),
      type: 'unhandled exception'
    }

    [0m [90m 80 |[39m console[33m.[39merror [33m=[39m ([33m...[39margs[33m:[39m any[]) [33m=>[39m {
     [90m 81 |[39m   [36mif[39m (args[[35m0[39m][33m?[39m[33m.[39mincludes[33m?[39m[33m.[39m([32m'IndexedDB'[39m)) [36mreturn[39m[33m;[39m
    [31m[1m>[22m[39m[90m 82 |[39m   originalConsoleError([33m...[39margs)[33m;[39m
     [90m    |[39m   [31m[1m^[22m[39m
     [90m 83 |[39m }[33m;[39m
     [90m 84 |[39m
     [90m 85 |[39m [90m// Setup window object[39m[0m

      at console.Object.<anonymous>.console.error (tests/utils/setup.ts:82:3)
      at VirtualConsole.<anonymous> (node_modules/@jest/environment-jsdom-abstract/build/index.js:78:23)
      at reportException (node_modules/jsdom/lib/jsdom/living/helpers/runtime-script-errors.js:70:28)
      at Timeout.task [as _onTimeout] (node_modules/jsdom/lib/jsdom/browser/Window.js:584:9)

  console.error
    Cleanup error: ReferenceError: IDBKeyRange is not defined
        at IDBKeyRange (D:\student-analyst\src\services\IndexedDBCacheL3.ts:267:40)
        at new Promise (<anonymous>)
        at IndexedDBCacheL3.<anonymous> (D:\student-analyst\src\services\IndexedDBCacheL3.ts:259:12)
        at Generator.next (<anonymous>)
        at D:\student-analyst\src\services\IndexedDBCacheL3.ts:8897:40
        at new Promise (<anonymous>)
        at Object.<anonymous>.__awaiter (D:\student-analyst\src\services\IndexedDBCacheL3.ts:8846:10)
        at IndexedDBCacheL3.cleanup (D:\student-analyst\src\services\IndexedDBCacheL3.ts:9512:12)
        at cleanup (D:\student-analyst\src\services\IndexedDBCacheL3.ts:103:12)
        at Timeout.task [as _onTimeout] (D:\student-analyst\node_modules\jsdom\lib\jsdom\browser\Window.js:579:19)
        at listOnTimeout (node:internal/timers:588:17)
        at processTimers (node:internal/timers:523:7)

    [0m [90m 80 |[39m console[33m.[39merror [33m=[39m ([33m...[39margs[33m:[39m any[]) [33m=>[39m {
     [90m 81 |[39m   [36mif[39m (args[[35m0[39m][33m?[39m[33m.[39mincludes[33m?[39m[33m.[39m([32m'IndexedDB'[39m)) [36mreturn[39m[33m;[39m
    [31m[1m>[22m[39m[90m 82 |[39m   originalConsoleError([33m...[39margs)[33m;[39m
     [90m    |[39m   [31m[1m^[22m[39m
     [90m 83 |[39m }[33m;[39m
     [90m 84 |[39m
     [90m 85 |[39m [90m// Setup window object[39m[0m

      at console.Object.<anonymous>.console.error (tests/utils/setup.ts:82:3)
      at error (src/services/IndexedDBCacheL3.ts:104:17)

FAIL tests/unit/cache.test.ts (63.437 s)
  Cache System Tests
    MemoryCacheL1
      ÔêÜ should initialize correctly (3 ms)
      ÔêÜ should set and get values (2 ms)
      ÔêÜ should handle expired values (215 ms)
      ÔêÜ should track statistics correctly (1 ms)
      ├ù should evict entries when memory limit is reached (564 ms)
    LocalStorageCacheL2
      ÔêÜ should initialize correctly (1 ms)
      ├ù should set and get values (2 ms)
      ÔêÜ should handle expired values (214 ms)
      ├ù should track statistics correctly (1 ms)
      ├ù should evict entries when storage limit is reached (362 ms)
    IndexedDBCacheL3
      ├ù should initialize correctly (83 ms)
      ├ù should set and get values (5 ms)
      ├ù should handle expired values (10007 ms)
      ├ù should track statistics correctly (10014 ms)
      ├ù should evict entries when storage limit is reached (10007 ms)
      ├ù should handle concurrent operations (10010 ms)
      ├ù should handle database errors gracefully (10007 ms)
    Cache Integration
      ├ù should handle data flow between caches (1 ms)
      ├ù should maintain consistency across caches (10010 ms)

  ÔùÅ Cache System Tests ÔÇ║ MemoryCacheL1 ÔÇ║ should evict entries when memory limit is reached

    expect(received).toBeLessThanOrEqual(expected)

    Expected: <= 10
    Received:    20

    [0m [90m 64 |[39m       
     [90m 65 |[39m       [36mconst[39m stats [33m=[39m [36mawait[39m 
memoryCacheL1[33m.[39mgetStats()[33m;[39m
    [31m[1m>[22m[39m[90m 66 |[39m       
expect(stats[33m.[39mcurrentEntries)[33m.[39mtoBeLessThanOrEqual([35m10[39m)[33m;[39m [90m// Max 
entries is 100[39m
     [90m    |[39m                                    [31m[1m^[22m[39m
     [90m 67 |[39m     })[33m;[39m
     [90m 68 |[39m   })[33m;[39m
     [90m 69 |[39m[0m

      at tests/unit/cache.test.ts:66:36
      at fulfilled (tests/unit/cache.test.ts:9:58)

  ÔùÅ Cache System Tests ÔÇ║ LocalStorageCacheL2 ÔÇ║ should set and get values

    expect(received).toEqual(expected) // deep equality

    Expected: {"data": "test-value"}
    Received: null

    [0m [90m 87 |[39m       [36mconst[39m result [33m=[39m [36mawait[39m 
localStorageCacheL2[33m.[39m[36mget[39m(key)[33m;[39m
     [90m 88 |[39m       
    [31m[1m>[22m[39m[90m 89 |[39m       expect(result)[33m.[39mtoEqual(value)[33m;[39m
     [90m    |[39m                      [31m[1m^[22m[39m
     [90m 90 |[39m     })[33m;[39m
     [90m 91 |[39m
     [90m 92 |[39m     it([32m'should handle expired values'[39m[33m,[39m [36masync[39m () 
[33m=>[39m {[0m

      at tests/unit/cache.test.ts:89:22
      at fulfilled (tests/unit/cache.test.ts:9:58)

  ÔùÅ Cache System Tests ÔÇ║ LocalStorageCacheL2 ÔÇ║ should track statistics correctly

    expect(received).toBe(expected) // Object.is equality

    Expected: 1
    Received: 0

    [0m [90m 110 |[39m       
     [90m 111 |[39m       [36mconst[39m stats [33m=[39m [36mawait[39m 
localStorageCacheL2[33m.[39mgetStats()[33m;[39m
    [31m[1m>[22m[39m[90m 112 |[39m       
expect(stats[33m.[39mhits)[33m.[39mtoBe([35m1[39m)[33m;[39m
     [90m     |[39m                          [31m[1m^[22m[39m
     [90m 113 |[39m       expect(stats[33m.[39mmisses)[33m.[39mtoBe([35m1[39m)[33m;[39m
     [90m 114 |[39m       expect(stats[33m.[39mhitRate)[33m.[39mtoBe([35m0.5[39m)[33m;[39m
     [90m 115 |[39m     })[33m;[39m[0m

      at tests/unit/cache.test.ts:112:26
      at fulfilled (tests/unit/cache.test.ts:9:58)

  ÔùÅ Cache System Tests ÔÇ║ LocalStorageCacheL2 ÔÇ║ should evict entries when storage limit is reached

    expect(received).toBeLessThanOrEqual(expected)

    Expected: <= 5
    Received:    10

    [0m [90m 123 |[39m       
     [90m 124 |[39m       [36mconst[39m stats [33m=[39m [36mawait[39m 
localStorageCacheL2[33m.[39mgetStats()[33m;[39m
    [31m[1m>[22m[39m[90m 125 |[39m       
expect(stats[33m.[39mcurrentEntries)[33m.[39mtoBeLessThanOrEqual([35m5[39m)[33m;[39m [90m// Max 
entries is 1000[39m
     [90m     |[39m                                    [31m[1m^[22m[39m
     [90m 126 |[39m     })[33m;[39m
     [90m 127 |[39m   })[33m;[39m
     [90m 128 |[39m[0m

      at tests/unit/cache.test.ts:125:36
      at fulfilled (tests/unit/cache.test.ts:9:58)

  ÔùÅ Cache System Tests ÔÇ║ IndexedDBCacheL3 ÔÇ║ should initialize correctly

    ReferenceError: IDBKeyRange is not defined

    [0m [90m 265 |[39m       [36mconst[39m store [33m=[39m 
transaction[33m.[39mobjectStore([36mthis[39m[33m.[39m[33mSTORE_NAME[39m)[33m;[39m
     [90m 266 |[39m       [36mconst[39m index [33m=[39m 
store[33m.[39mindex([32m'expiry'[39m)[33m;[39m
    [31m[1m>[22m[39m[90m 267 |[39m       [36mconst[39m request [33m=[39m index[33m.[39mopenCurs
or([33mIDBKeyRange[39m[33m.[39mupperBound([33mDate[39m[33m.[39mnow()))[33m;[39m
     [90m     |[39m                                        [31m[1m^[22m[39m
     [90m 268 |[39m
     [90m 269 |[39m       [36mlet[39m cleanedEntries [33m=[39m [35m0[39m[33m;[39m
     [90m 270 |[39m       [36mlet[39m cleanedSize [33m=[39m [35m0[39m[33m;[39m[0m

      at IDBKeyRange (src/services/IndexedDBCacheL3.ts:267:40)
      at IndexedDBCacheL3.<anonymous> (src/services/IndexedDBCacheL3.ts:259:12)
      at src/services/IndexedDBCacheL3.ts:8897:40
      at Object.<anonymous>.__awaiter (src/services/IndexedDBCacheL3.ts:8846:10)
      at IndexedDBCacheL3.cleanup (src/services/IndexedDBCacheL3.ts:9512:12)
      at IndexedDBCacheL3.cleanup (src/services/IndexedDBCacheL3.ts:244:18)
      at fulfilled (src/services/IndexedDBCacheL3.ts:8860:24)

  ÔùÅ Cache System Tests ÔÇ║ IndexedDBCacheL3 ÔÇ║ should set and get values

    TypeError: Cannot read properties of undefined (reading 'contains')

    [0m [90m 134 |[39m       request[33m.[39monupgradeneeded [33m=[39m (event) [33m=>[39m {
     [90m 135 |[39m         [36mconst[39m db [33m=[39m (event[33m.[39mtarget [36mas[39m 
[33mIDBOpenDBRequest[39m)[33m.[39mresult[33m;[39m
    [31m[1m>[22m[39m[90m 136 |[39m         [36mif[39m ([33m![39mdb[33m.[39mobjectStoreNames[33
m.[39mcontains([36mthis[39m[33m.[39m[33mSTORE_NAME[39m)) {
     [90m     |[39m                                  [31m[1m^[22m[39m
     [90m 137 |[39m           [36mconst[39m store [33m=[39m 
db[33m.[39mcreateObjectStore([36mthis[39m[33m.[39m[33mSTORE_NAME[39m[33m,[39m { 
keyPath[33m:[39m [32m'key'[39m })[33m;[39m
     [90m 138 |[39m           store[33m.[39mcreateIndex([32m'expiry'[39m[33m,[39m 
[32m'expiry'[39m[33m,[39m { unique[33m:[39m [36mfalse[39m })[33m;[39m
     [90m 139 |[39m           store[33m.[39mcreateIndex([32m'lastAccessed'[39m[33m,[39m 
[32m'lastAccessed'[39m[33m,[39m { unique[33m:[39m [36mfalse[39m })[33m;[39m[0m

      at MockIDBRequest.contains [as onupgradeneeded] (src/services/IndexedDBCacheL3.ts:136:34)
      at tests/utils/setup.ts:50:58
      at Timeout.task [as _onTimeout] (node_modules/jsdom/lib/jsdom/browser/Window.js:579:19)

  ÔùÅ Cache System Tests ÔÇ║ IndexedDBCacheL3 ÔÇ║ should handle expired values

    thrown: "Exceeded timeout of 10000 ms for a test.
    Add a timeout value to this test to increase the timeout, if this is a long-running test. See 
https://jestjs.io/docs/api#testname-fn-timeout."

    [0m [90m 149 |[39m     })[33m;[39m
     [90m 150 |[39m
    [31m[1m>[22m[39m[90m 151 |[39m     it([32m'should handle expired values'[39m[33m,[39m 
[36masync[39m () [33m=>[39m {
     [90m     |[39m     [31m[1m^[22m[39m
     [90m 152 |[39m       [36mconst[39m key [33m=[39m [32m'test-key'[39m[33m;[39m
     [90m 153 |[39m       [36mconst[39m value [33m=[39m { data[33m:[39m [32m'test-value'[39m 
}[33m;[39m
     [90m 154 |[39m       [0m

      at tests/unit/cache.test.ts:151:5
      at tests/unit/cache.test.ts:129:3
      at Object.<anonymous> (tests/unit/cache.test.ts:10:1)

  ÔùÅ Cache System Tests ÔÇ║ IndexedDBCacheL3 ÔÇ║ should track statistics correctly

    thrown: "Exceeded timeout of 10000 ms for a hook.
    Add a timeout value to this test to increase the timeout, if this is a long-running test. See 
https://jestjs.io/docs/api#testname-fn-timeout."

    [0m [90m 128 |[39m
     [90m 129 |[39m   describe([32m'IndexedDBCacheL3'[39m[33m,[39m () [33m=>[39m {
    [31m[1m>[22m[39m[90m 130 |[39m     beforeEach([36masync[39m () [33m=>[39m {
     [90m     |[39m     [31m[1m^[22m[39m
     [90m 131 |[39m       [36mawait[39m indexedDBCacheL3[33m.[39mclear()[33m;[39m
     [90m 132 |[39m     })[33m;[39m
     [90m 133 |[39m[0m

      at tests/unit/cache.test.ts:130:5
      at tests/unit/cache.test.ts:129:3
      at Object.<anonymous> (tests/unit/cache.test.ts:10:1)

  ÔùÅ Cache System Tests ÔÇ║ IndexedDBCacheL3 ÔÇ║ should evict entries when storage limit is reached

    thrown: "Exceeded timeout of 10000 ms for a hook.
    Add a timeout value to this test to increase the timeout, if this is a long-running test. See 
https://jestjs.io/docs/api#testname-fn-timeout."

    [0m [90m 128 |[39m
     [90m 129 |[39m   describe([32m'IndexedDBCacheL3'[39m[33m,[39m () [33m=>[39m {
    [31m[1m>[22m[39m[90m 130 |[39m     beforeEach([36masync[39m () [33m=>[39m {
     [90m     |[39m     [31m[1m^[22m[39m
     [90m 131 |[39m       [36mawait[39m indexedDBCacheL3[33m.[39mclear()[33m;[39m
     [90m 132 |[39m     })[33m;[39m
     [90m 133 |[39m[0m

      at tests/unit/cache.test.ts:130:5
      at tests/unit/cache.test.ts:129:3
      at Object.<anonymous> (tests/unit/cache.test.ts:10:1)

  ÔùÅ Cache System Tests ÔÇ║ IndexedDBCacheL3 ÔÇ║ should handle concurrent operations

    thrown: "Exceeded timeout of 10000 ms for a hook.
    Add a timeout value to this test to increase the timeout, if this is a long-running test. See 
https://jestjs.io/docs/api#testname-fn-timeout."

    [0m [90m 128 |[39m
     [90m 129 |[39m   describe([32m'IndexedDBCacheL3'[39m[33m,[39m () [33m=>[39m {
    [31m[1m>[22m[39m[90m 130 |[39m     beforeEach([36masync[39m () [33m=>[39m {
     [90m     |[39m     [31m[1m^[22m[39m
     [90m 131 |[39m       [36mawait[39m indexedDBCacheL3[33m.[39mclear()[33m;[39m
     [90m 132 |[39m     })[33m;[39m
     [90m 133 |[39m[0m

      at tests/unit/cache.test.ts:130:5
      at tests/unit/cache.test.ts:129:3
      at Object.<anonymous> (tests/unit/cache.test.ts:10:1)

  ÔùÅ Cache System Tests ÔÇ║ IndexedDBCacheL3 ÔÇ║ should handle database errors gracefully

    thrown: "Exceeded timeout of 10000 ms for a hook.
    Add a timeout value to this test to increase the timeout, if this is a long-running test. See 
https://jestjs.io/docs/api#testname-fn-timeout."

    [0m [90m 128 |[39m
     [90m 129 |[39m   describe([32m'IndexedDBCacheL3'[39m[33m,[39m () [33m=>[39m {
    [31m[1m>[22m[39m[90m 130 |[39m     beforeEach([36masync[39m () [33m=>[39m {
     [90m     |[39m     [31m[1m^[22m[39m
     [90m 131 |[39m       [36mawait[39m indexedDBCacheL3[33m.[39mclear()[33m;[39m
     [90m 132 |[39m     })[33m;[39m
     [90m 133 |[39m[0m

      at tests/unit/cache.test.ts:130:5
      at tests/unit/cache.test.ts:129:3
      at Object.<anonymous> (tests/unit/cache.test.ts:10:1)

  ÔùÅ Cache System Tests ÔÇ║ Cache Integration ÔÇ║ should handle data flow between caches

    expect(received).toEqual(expected) // deep equality

    Expected: {"data": "test-value"}
    Received: null

    [0m [90m 229 |[39m       [36mawait[39m localStorageCacheL2[33m.[39m[36mset[39m(key[33m,[39m 
value)[33m;[39m
     [90m 230 |[39m       [36mconst[39m l2Result [33m=[39m [36mawait[39m 
localStorageCacheL2[33m.[39m[36mget[39m(key)[33m;[39m
    [31m[1m>[22m[39m[90m 231 |[39m       expect(l2Result)[33m.[39mtoEqual(value)[33m;[39m
     [90m     |[39m                        [31m[1m^[22m[39m
     [90m 232 |[39m       
     [90m 233 |[39m       [90m// Set in L3[39m
     [90m 234 |[39m       [36mawait[39m indexedDBCacheL3[33m.[39m[36mset[39m(key[33m,[39m 
value)[33m;[39m[0m

      at tests/unit/cache.test.ts:231:24
      at fulfilled (tests/unit/cache.test.ts:9:58)

  ÔùÅ Cache System Tests ÔÇ║ Cache Integration ÔÇ║ should maintain consistency across caches

    thrown: "Exceeded timeout of 10000 ms for a test.
    Add a timeout value to this test to increase the timeout, if this is a long-running test. See 
https://jestjs.io/docs/api#testname-fn-timeout."

    [0m [90m 237 |[39m     })[33m;[39m
     [90m 238 |[39m
    [31m[1m>[22m[39m[90m 239 |[39m     it([32m'should maintain consistency across 
caches'[39m[33m,[39m [36masync[39m () [33m=>[39m {
     [90m     |[39m     [31m[1m^[22m[39m
     [90m 240 |[39m       [36mconst[39m key [33m=[39m [32m'test-key'[39m[33m;[39m
     [90m 241 |[39m       [36mconst[39m value1 [33m=[39m { data[33m:[39m [32m'value-1'[39m 
}[33m;[39m
     [90m 242 |[39m       [36mconst[39m value2 [33m=[39m { data[33m:[39m [32m'value-2'[39m 
}[33m;[39m[0m

      at tests/unit/cache.test.ts:239:5
      at tests/unit/cache.test.ts:218:3
      at Object.<anonymous> (tests/unit/cache.test.ts:10:1)

FAIL tests/unit/algorithm-optimization-engine.test.ts
  AlgorithmOptimizationEngine
    Construction and Initial State
      ÔêÜ should create engine with empty caches and zero metrics (2 ms)
      ÔêÜ should provide immutable metrics object
    Covariance Matrix Calculation
      ÔêÜ should calculate covariance matrix correctly (1 ms)
      ÔêÜ should use cache for repeated calculations
      ÔêÜ should handle empty returns array
      ├ù should record computation time correctly
    Memoization
      ÔêÜ should memoize function results
      ÔêÜ should call function again with different arguments (1 ms)
      ÔêÜ should handle functions with no arguments
      ÔêÜ should update cache hit rate with memoization
    Cache Management
      ÔêÜ should clear all caches (1 ms)
      ├ù should handle cache TTL expiration
    Edge Cases
      ÔêÜ should handle negative returns (1 ms)
      ÔêÜ should handle single return series
      ├ù should handle zero variance case (1 ms)
      ÔêÜ should handle different length return series

  ÔùÅ AlgorithmOptimizationEngine ÔÇ║ Covariance Matrix Calculation ÔÇ║ should record computation time 
correctly

    expect(received).toBe(expected) // Object.is equality

    Expected: 200
    Received: Infinity

    [0m [90m 94 |[39m       [36mconst[39m metrics [33m=[39m engine[33m.[39mgetMetrics()[33m;[39m
     [90m 95 |[39m
    [31m[1m>[22m[39m[90m 96 |[39m       
expect(metrics[33m.[39maverageComputeTime)[33m.[39mtoBe([35m200[39m)[33m;[39m
     [90m    |[39m                                          [31m[1m^[22m[39m
     [90m 97 |[39m       expect(metrics[33m.[39mtotalOperations)[33m.[39mtoBe([35m1[39m)[33m;[39m
     [90m 98 |[39m     })[33m;[39m
     [90m 99 |[39m   })[33m;[39m[0m

      at tests/unit/algorithm-optimization-engine.test.ts:96:42
      at fulfilled (tests/unit/algorithm-optimization-engine.test.ts:5:58)

  ÔùÅ AlgorithmOptimizationEngine ÔÇ║ Cache Management ÔÇ║ should handle cache TTL expiration

    expect(received).toBe(expected) // Object.is equality

    Expected: 2
    Received: 0

    [0m [90m 186 |[39m       
     [90m 187 |[39m       [36mconst[39m metrics [33m=[39m engine[33m.[39mgetMetrics()[33m;[39m
    [31m[1m>[22m[39m[90m 188 |[39m       
expect(metrics[33m.[39mtotalOperations)[33m.[39mtoBe([35m2[39m)[33m;[39m
     [90m     |[39m                                       [31m[1m^[22m[39m
     [90m 189 |[39m       
     [90m 190 |[39m       [90m// Restore Date.now[39m
     [90m 191 |[39m       [33mDate[39m[33m.[39mnow [33m=[39m originalDateNow[33m;[39m[0m

      at tests/unit/algorithm-optimization-engine.test.ts:188:39
      at fulfilled (tests/unit/algorithm-optimization-engine.test.ts:5:58)

  ÔùÅ AlgorithmOptimizationEngine ÔÇ║ Edge Cases ÔÇ║ should handle zero variance case

    expect(received).toBe(expected) // Object.is equality

    Expected: 0
    Received: 2.8888949165808538e-34

    [0m [90m 237 |[39m
     [90m 238 |[39m       expect(result)[33m.[39mtoBeDefined()[33m;[39m
    [31m[1m>[22m[39m[90m 239 |[39m       
expect(result[[35m0[39m][[35m0[39m])[33m.[39mtoBe([35m0[39m)[33m;[39m
     [90m     |[39m                            [31m[1m^[22m[39m
     [90m 240 |[39m     })[33m;[39m
     [90m 241 |[39m
     [90m 242 |[39m     it([32m'should handle different length return series'[39m[33m,[39m 
[36masync[39m () [33m=>[39m {[0m

      at tests/unit/algorithm-optimization-engine.test.ts:239:28
      at fulfilled (tests/unit/algorithm-optimization-engine.test.ts:5:58)

  console.warn
    Storage API not available, using fallback estimates

    [0m [90m 233 |[39m           sessionStorageQuota [33m=[39m [35m5[39m [33m*[39m [35m1024[39m [33m*[39m [35m1024[39m[33m;[39m [90m// 5MB[39m
     [90m 234 |[39m         } [36mcatch[39m (error) {
    [31m[1m>[22m[39m[90m 235 |[39m           console[33m.[39mwarn([32m'Storage API not available, using fallback estimates'[39m)[33m;[39m
     [90m     |[39m                   [31m[1m^[22m[39m
     [90m 236 |[39m         }
     [90m 237 |[39m       }
     [90m 238 |[39m[0m

      at StorageMonitoringService.warn (src/services/StorageMonitoringService.ts:235:19)
          at Generator.throw (<anonymous>)
      at rejected (src/services/StorageMonitoringService.ts:5348:32)

  console.warn
    Storage API not available, using fallback estimates

    [0m [90m 233 |[39m           sessionStorageQuota [33m=[39m [35m5[39m [33m*[39m [35m1024[39m [33m*[39m [35m1024[39m[33m;[39m [90m// 5MB[39m
     [90m 234 |[39m         } [36mcatch[39m (error) {
    [31m[1m>[22m[39m[90m 235 |[39m           console[33m.[39mwarn([32m'Storage API not available, using fallback estimates'[39m)[33m;[39m
     [90m     |[39m                   [31m[1m^[22m[39m
     [90m 236 |[39m         }
     [90m 237 |[39m       }
     [90m 238 |[39m[0m

      at StorageMonitoringService.warn (src/services/StorageMonitoringService.ts:235:19)
          at Generator.throw (<anonymous>)
      at rejected (src/services/StorageMonitoringService.ts:5348:32)

  console.warn
    Storage API not available, using fallback estimates

    [0m [90m 233 |[39m           sessionStorageQuota [33m=[39m [35m5[39m [33m*[39m [35m1024[39m [33m*[39m [35m1024[39m[33m;[39m [90m// 5MB[39m
     [90m 234 |[39m         } [36mcatch[39m (error) {
    [31m[1m>[22m[39m[90m 235 |[39m           console[33m.[39mwarn([32m'Storage API not available, using fallback estimates'[39m)[33m;[39m
     [90m     |[39m                   [31m[1m^[22m[39m
     [90m 236 |[39m         }
     [90m 237 |[39m       }
     [90m 238 |[39m[0m

      at StorageMonitoringService.warn (src/services/StorageMonitoringService.ts:235:19)
          at Generator.throw (<anonymous>)
      at rejected (src/services/StorageMonitoringService.ts:5348:32)

  console.warn
    Storage API not available, using fallback estimates

    [0m [90m 233 |[39m           sessionStorageQuota [33m=[39m [35m5[39m [33m*[39m [35m1024[39m [33m*[39m [35m1024[39m[33m;[39m [90m// 5MB[39m
     [90m 234 |[39m         } [36mcatch[39m (error) {
    [31m[1m>[22m[39m[90m 235 |[39m           console[33m.[39mwarn([32m'Storage API not available, using fallback estimates'[39m)[33m;[39m
     [90m     |[39m                   [31m[1m^[22m[39m
     [90m 236 |[39m         }
     [90m 237 |[39m       }
     [90m 238 |[39m[0m

      at StorageMonitoringService.warn (src/services/StorageMonitoringService.ts:235:19)
          at Generator.throw (<anonymous>)
      at rejected (src/services/StorageMonitoringService.ts:5348:32)

  console.warn
    Storage API not available, using fallback estimates

    [0m [90m 233 |[39m           sessionStorageQuota [33m=[39m [35m5[39m [33m*[39m [35m1024[39m [33m*[39m [35m1024[39m[33m;[39m [90m// 5MB[39m
     [90m 234 |[39m         } [36mcatch[39m (error) {
    [31m[1m>[22m[39m[90m 235 |[39m           console[33m.[39mwarn([32m'Storage API not available, using fallback estimates'[39m)[33m;[39m
     [90m     |[39m                   [31m[1m^[22m[39m
     [90m 236 |[39m         }
     [90m 237 |[39m       }
     [90m 238 |[39m[0m

      at StorageMonitoringService.warn (src/services/StorageMonitoringService.ts:235:19)
          at Generator.throw (<anonymous>)
      at rejected (src/services/StorageMonitoringService.ts:5348:32)

  console.warn
    Storage API not available, using fallback estimates

    [0m [90m 233 |[39m           sessionStorageQuota [33m=[39m [35m5[39m [33m*[39m [35m1024[39m [33m*[39m [35m1024[39m[33m;[39m [90m// 5MB[39m
     [90m 234 |[39m         } [36mcatch[39m (error) {
    [31m[1m>[22m[39m[90m 235 |[39m           console[33m.[39mwarn([32m'Storage API not available, using fallback estimates'[39m)[33m;[39m
     [90m     |[39m                   [31m[1m^[22m[39m
     [90m 236 |[39m         }
     [90m 237 |[39m       }
     [90m 238 |[39m[0m

      at StorageMonitoringService.warn (src/services/StorageMonitoringService.ts:235:19)
          at Generator.throw (<anonymous>)
      at rejected (src/services/StorageMonitoringService.ts:5348:32)

PASS tests/unit/storage-monitoring-service.test.ts
  StorageMonitoringService
    Constructor and Basic Methods
      ÔêÜ should create instance with default config (2 ms)
      ÔêÜ should not be initialized initially (1 ms)
      ÔêÜ should not be monitoring initially
      ÔêÜ should get storage health even without initialization (1 ms)
    Configuration Management
      ÔêÜ should update configuration (1 ms)
      ÔêÜ should maintain other config values when updating
    Monitoring Operations (Sync)
      ÔêÜ should handle start monitoring when not initialized
      ÔêÜ should handle stop monitoring when not active (1 ms)
      ÔêÜ should handle multiple start monitoring calls
      ÔêÜ should handle multiple stop monitoring calls (1 ms)
    Initialization Tests (Sync Only)
      ÔêÜ should have isServiceInitialized return false initially
      ÔêÜ should not crash when calling monitoring without initialization
    Health State Tests (Sync Only)
      ÔêÜ should return health state structure (1 ms)
      ÔêÜ should create deep copy of health state (2 ms)
    Quota Cache Tests (Sync Only)
      ÔêÜ should handle getStorageQuotas cache structure (1 ms)
    Comprehensive Configuration Tests
      ÔêÜ should handle all configuration properties
      ÔêÜ should handle edge case configuration values (1 ms)
      ÔêÜ should handle configuration reset scenarios
    Service Lifecycle Tests
      ÔêÜ should handle complete service lifecycle (1 ms)
      ÔêÜ should handle service restart scenarios (1 ms)
    Dependency Injection Tests
      ÔêÜ should handle different dependency configurations
      ÔêÜ should handle empty dependency injection (1 ms)
    State Consistency Tests
      ÔêÜ should maintain consistent state across operations
      ÔêÜ should handle rapid state changes (1 ms)
    Storage Quota Tests (Sync Only)
      ÔêÜ should handle quota caching logic
      ÔêÜ should handle quota refresh after timeout (1 ms)
    Advanced Configuration Tests (Extended)
      ÔêÜ should handle enableAutoCheck configuration changes
      ÔêÜ should restart monitoring on interval change
    Storage Health Error Handling (Sync Only)
      ÔêÜ should handle mock localStorage configuration (1 ms)
      ÔêÜ should handle mock sessionStorage configuration
      ÔêÜ should handle mock error scenarios (1 ms)
    Disposal
      ÔêÜ should dispose resources properly
    Singleton Pattern
      ÔêÜ should return same instance (1 ms)
    Health State Management
      ÔêÜ should initialize with unknown health status
      ÔêÜ should have proper health structure (1 ms)
    Configuration Edge Cases
      ÔêÜ should handle partial config updates
      ÔêÜ should handle multiple config updates (1 ms)
    Mock Storage Interaction
      ÔêÜ should have properly configured localStorage mock
      ÔêÜ should have properly configured sessionStorage mock (2 ms)
      ÔêÜ should have properly configured indexedDB mock
      ÔêÜ should have properly configured navigator mock
    Service Robustness
      ÔêÜ should handle multiple dispose calls
      ÔêÜ should handle config updates after disposal (1 ms)
      ÔêÜ should handle monitoring operations after disposal
    Complex Configuration Scenarios
      ÔêÜ should handle threshold configurations (1 ms)
      ÔêÜ should handle interval changes
    Async Methods Coverage
      ÔêÜ should handle getStorageQuotas with short timeout (1 ms)
      ÔêÜ should verify async method signatures (1 ms)
    Configuration Branch Coverage
      ÔêÜ should handle enableAutoCheck true when not monitoring (1 ms)
      ÔêÜ should handle enableAutoCheck false when monitoring
      ÔêÜ should handle checkInterval change when monitoring (1 ms)
      ÔêÜ should handle checkInterval change when not monitoring
    Storage Health State Coverage
      ÔêÜ should handle quota cache expiration logic (1 ms)
      ÔêÜ should handle storage health initialization (1 ms)
    Error Handling Coverage
      ÔêÜ should handle navigator without storage API
      ÔêÜ should handle storage estimate rejection (16 ms)
      ÔêÜ should handle localStorage test failures
    Monitoring Interval Coverage
      ÔêÜ should handle monitoring start and stop cycles (1 ms)
      ÔêÜ should handle monitoring with timer advancement (1 ms)
    Storage Health Check Coverage
      ÔêÜ should handle localStorage read/write test success
      ÔêÜ should handle localStorage read/write test failure (1 ms)
      ÔêÜ should handle sessionStorage read/write test success
      ÔêÜ should handle storage size calculation (1 ms)
      ÔêÜ should handle storage with null keys
      ÔêÜ should handle storage with null values (1 ms)
    Error Handling Edge Cases
      ÔêÜ should handle quota detection errors (4 ms)
      ÔêÜ should handle localStorage errors with Error objects
      ÔêÜ should handle localStorage errors with non-Error objects
      ÔêÜ should handle sessionStorage errors with Error objects (1 ms)
      ÔêÜ should handle sessionStorage errors with non-Error objects
    IndexedDB Mock Coverage
      ÔêÜ should handle IndexedDB mock configuration (2 ms)
      ÔêÜ should handle IndexedDB request success scenario (1 ms)
      ÔêÜ should handle IndexedDB request error scenario
    Fallback Quota Coverage
      ÔêÜ should handle navigator without storage property
      ÔêÜ should handle navigator with storage but no estimate
      ÔêÜ should handle zero quota from storage API
    ULTRA-COMPREHENSIVE COVERAGE - Every Line Tested
      Error Handling in detectStorageQuotas
        ÔêÜ should trigger console.error and set fallback quotas on error
      performHealthCheck - Complete Flow
        Ôùï skipped should execute complete health check flow with mocked async methods
        Ôùï skipped should handle performHealthCheck error and set error state
      checkLocalStorageHealth - Every Branch
        ÔêÜ should return error when read/write test fails
        ÔêÜ should calculate storage size with multiple items
        ÔêÜ should handle error instanceof Error check - Error object
        ÔêÜ should handle error instanceof Error check - non-Error object
      checkSessionStorageHealth - Every Branch
        ÔêÜ should return error when read/write test fails (1 ms)
        ÔêÜ should handle error instanceof Error check - Error object
        ÔêÜ should handle error instanceof Error check - non-Error object (1 ms)
      checkIndexedDBHealth - Complete Coverage
        ÔêÜ should handle IndexedDB request.onerror callback
        ÔêÜ should handle IndexedDB request.onsuccess with deleteRequest.onsuccess (1 ms)
        ÔêÜ should handle IndexedDB deleteRequest.onerror callback
        ÔêÜ should handle IndexedDB timeout scenario (1 ms)
        ÔêÜ should handle IndexedDB try-catch error - Error object
        ÔêÜ should handle IndexedDB try-catch error - non-Error object (1 ms)
      Edge Cases for Full Coverage
        ÔêÜ should handle quota cache with exact timing
        ÔêÜ should handle all storage APIs missing (1 ms)
        ÔêÜ should test every config combination (1 ms)
        ÔêÜ should handle monitoring state changes in all combinations
        ÔêÜ should handle all Blob size calculation scenarios (1 ms)
      Initialization and Service State
        ÔêÜ should handle service initialization states (4 ms)
      Configuration Robustness
        ÔêÜ should handle various configuration scenarios (1 ms)
      ULTRA-SPECIFIC LINE COVERAGE
        ÔêÜ should test every branch of storage null checks
        ÔêÜ should cover every possible quota cache scenario (1 ms)
        ÔêÜ should test ultra-precise line coverage for all missing branches (3 ms)
      ULTRA-TARGETED LINE COVERAGE - Lines 256-480
        ÔêÜ should cover console.error in detectStorageQuotas catch block (4 ms)
        ÔêÜ should cover fallback quota assignment lines 258-263 (3 ms)
        ÔêÜ should cover Blob size calculation with null key/value (lines 376-389)
        ÔêÜ should cover sessionStorage Blob size calculation (lines 416-427) (1 ms)
        ÔêÜ should cover determineOverallHealth error status branches (lines 433-480)
        ÔêÜ should cover critical and warning threshold logic (1 ms)
        ÔêÜ should cover IndexedDB timeout and error paths (lines 433-450)
        ÔêÜ should cover all remaining edge cases (1 ms)

PASS tests/unit/cache-analytics-engine.test.ts
  CacheAnalyticsEngine
    Initial State
      ÔêÜ should start with empty metrics
      ÔêÜ should provide consistent initial state
    Cache Hit Tracking
      ÔêÜ should track single cache hit
      ÔêÜ should track multiple cache hits (1 ms)
      ÔêÜ should update lastAccessed timestamps
      ÔêÜ should handle multiple accesses to same key
    Cache Miss Tracking
      ÔêÜ should track single cache miss (1 ms)
      ÔêÜ should track multiple cache misses
      ÔêÜ should not update lastAccessed for misses (1 ms)
    Hit Rate Calculation
      ÔêÜ should calculate correct hit rate with mixed hits and misses
      ÔêÜ should handle 100% hit rate
      ÔêÜ should handle 0% hit rate
      ÔêÜ should handle 50% hit rate
    Complex Scenarios
      ÔêÜ should handle realistic cache access pattern (1 ms)
      ÔêÜ should handle high volume access pattern
    Edge Cases
      ÔêÜ should handle empty key strings (1 ms)
      ÔêÜ should handle very long key strings
      ÔêÜ should handle special characters in keys
    Reset Functionality
      ÔêÜ should reset all metrics to initial state (1 ms)
      ÔêÜ should allow normal operation after reset
    getMetrics() Immutability
      ÔêÜ should return a fresh copy of lastAccessed each time (1 ms)
      ÔêÜ should not allow external modification of metrics
    Concurrent Access Simulation
      ÔêÜ should handle rapid successive calls

PASS tests/unit/simple-di.test.ts
  Dependency Injection Test
    ÔêÜ should test that DI is working concept (1 ms)
    ÔêÜ should handle empty dependencies
    ÔêÜ should support storage mock injection (1 ms)
    ÔêÜ should work with optional dependencies (1 ms)

FAIL tests/unit/notification-manager.test.ts
  ÔùÅ Test suite failed to run

    TypeError: Cannot redefine property: window
        at Function.defineProperty (<anonymous>)

    [0m [90m 12 |[39m
     [90m 13 |[39m [90m// Setup global mocks[39m
    [31m[1m>[22m[39m[90m 14 |[39m [33mObject[39m[33m.[39mdefineProperty(global[33m,[39m 
[32m'window'[39m[33m,[39m {
     [90m    |[39m        [31m[1m^[22m[39m
     [90m 15 |[39m   value[33m:[39m {
     [90m 16 |[39m     dispatchEvent[33m:[39m mockDispatchEvent[33m,[39m
     [90m 17 |[39m     addEventListener[33m:[39m jest[33m.[39mfn()[33m,[39m[0m

      at Object.<anonymous> (tests/unit/notification-manager.test.ts:14:8)

FAIL tests/unit/memory-cache-l1.test.ts
  ÔùÅ Test suite failed to run

    [96mtests/unit/memory-cache-l1.test.ts[0m:[93m42[0m:[93m31[0m - [91merror[0m[90m TS2554: 
[0mExpected 0 arguments, but got 1.

    [7m 42[0m     cache = new MemoryCacheL1({
    [7m   [0m [91m                              ~[0m
    [7m 43[0m       maxSize: 5,
    [7m   [0m [91m~~~~~~~~~~~~~~~~~[0m
    [7m...[0m 
    [7m 48[0m       enableLogging: false
    [7m   [0m [91m~~~~~~~~~~~~~~~~~~~~~~~~~~[0m
    [7m 49[0m     });
    [7m   [0m [91m~~~~~[0m
    [96mtests/unit/memory-cache-l1.test.ts[0m:[93m63[0m:[93m21[0m - [91merror[0m[90m TS2339: 
[0mProperty 'maxSize' does not exist on type 'ICacheConfiguration'.

    [7m63[0m       expect(config.maxSize).toBe(1000);
    [7m  [0m [91m                    ~~~~~~~[0m
    [96mtests/unit/memory-cache-l1.test.ts[0m:[93m67[0m:[93m21[0m - [91merror[0m[90m TS2339: 
[0mProperty 'enableStats' does not exist on type 'ICacheConfiguration'.

    [7m67[0m       expect(config.enableStats).toBe(true);
    [7m  [0m [91m                    ~~~~~~~~~~~[0m
    [96mtests/unit/memory-cache-l1.test.ts[0m:[93m68[0m:[93m21[0m - [91merror[0m[90m TS2339: 
[0mProperty 'enableLogging' does not exist on type 'ICacheConfiguration'.

    [7m68[0m       expect(config.enableLogging).toBe(false);
    [7m  [0m [91m                    ~~~~~~~~~~~~~[0m
    [96mtests/unit/memory-cache-l1.test.ts[0m:[93m76[0m:[93m21[0m - [91merror[0m[90m TS2339: 
[0mProperty 'maxSize' does not exist on type 'ICacheConfiguration'.

    [7m76[0m       expect(config.maxSize).toBe(5);
    [7m  [0m [91m                    ~~~~~~~[0m
    [96mtests/unit/memory-cache-l1.test.ts[0m:[93m80[0m:[93m21[0m - [91merror[0m[90m TS2339: 
[0mProperty 'enableStats' does not exist on type 'ICacheConfiguration'.

    [7m80[0m       expect(config.enableStats).toBe(true);
    [7m  [0m [91m                    ~~~~~~~~~~~[0m
    [96mtests/unit/memory-cache-l1.test.ts[0m:[93m81[0m:[93m21[0m - [91merror[0m[90m TS2339: 
[0mProperty 'enableLogging' does not exist on type 'ICacheConfiguration'.

    [7m81[0m       expect(config.enableLogging).toBe(false);
    [7m  [0m [91m                    ~~~~~~~~~~~~~[0m
    [96mtests/unit/memory-cache-l1.test.ts[0m:[93m89[0m:[93m20[0m - [91merror[0m[90m TS2339: 
[0mProperty 'evictions' does not exist on type 'CacheStats'.

    [7m89[0m       expect(stats.evictions).toBe(0);
    [7m  [0m [91m                   ~~~~~~~~~[0m
    [96mtests/unit/memory-cache-l1.test.ts[0m:[93m90[0m:[93m20[0m - [91merror[0m[90m TS2339: 
[0mProperty 'totalRequests' does not exist on type 'CacheStats'.

    [7m90[0m       expect(stats.totalRequests).toBe(0);
    [7m  [0m [91m                   ~~~~~~~~~~~~~[0m
    [96mtests/unit/memory-cache-l1.test.ts[0m:[93m92[0m:[93m20[0m - [91merror[0m[90m TS2339: 
[0mProperty 'currentSize' does not exist on type 'CacheStats'.

    [7m92[0m       expect(stats.currentSize).toBe(0);
    [7m  [0m [91m                   ~~~~~~~~~~~[0m
    [96mtests/unit/memory-cache-l1.test.ts[0m:[93m95[0m:[93m20[0m - [91merror[0m[90m TS2339: 
[0mProperty 'averageAccessTime' does not exist on type 'CacheStats'.

    [7m95[0m       expect(stats.averageAccessTime).toBe(0);
    [7m  [0m [91m                   ~~~~~~~~~~~~~~~~~[0m
    [96mtests/unit/memory-cache-l1.test.ts[0m:[93m101[0m:[93m42[0m - [91merror[0m[90m TS2554: 
[0mExpected 0 arguments, but got 1.

    [7m101[0m       const logCache = new MemoryCacheL1({
    [7m   [0m [91m                                         ~[0m
    [7m102[0m         enableLogging: true
    [7m   [0m [91m~~~~~~~~~~~~~~~~~~~~~~~~~~~[0m
    [7m103[0m       });
    [7m   [0m [91m~~~~~~~[0m
    [96mtests/unit/memory-cache-l1.test.ts[0m:[93m285[0m:[93m44[0m - [91merror[0m[90m TS2554: 
[0mExpected 0 arguments, but got 1.

    [7m285[0m       const smallCache = new MemoryCacheL1({ maxSize: 1 });
    [7m   [0m [91m                                           ~~~~~~~~~~~~~~[0m
    [96mtests/unit/memory-cache-l1.test.ts[0m:[93m313[0m:[93m44[0m - [91merror[0m[90m TS2554: 
[0mExpected 0 arguments, but got 1.

    [7m313[0m       const smallCache = new MemoryCacheL1({
    [7m   [0m [91m                                           ~[0m
    [7m314[0m         maxMemoryUsage: 10, // 10 bytes only
    [7m   [0m [91m~~~~~~~~~~~~~~~~~~~~~~~~~~~~~~~~~~~~~~~~~~~~[0m
    [7m315[0m         enableLogging: false
    [7m   [0m [91m~~~~~~~~~~~~~~~~~~~~~~~~~~~~[0m
    [7m316[0m       });
    [7m   [0m [91m~~~~~~~[0m
    [96mtests/unit/memory-cache-l1.test.ts[0m:[93m329[0m:[93m42[0m - [91merror[0m[90m TS2554: 
[0mExpected 0 arguments, but got 1.

    [7m329[0m       const memCache = new MemoryCacheL1({
    [7m   [0m [91m                                         ~[0m
    [7m330[0m         maxSize: 10,
    [7m   [0m [91m~~~~~~~~~~~~~~~~~~~~[0m
    [7m...[0m 
    [7m332[0m         enableLogging: false
    [7m   [0m [91m~~~~~~~~~~~~~~~~~~~~~~~~~~~~[0m
    [7m333[0m       });
    [7m   [0m [91m~~~~~~~[0m
    [96mtests/unit/memory-cache-l1.test.ts[0m:[93m357[0m:[93m31[0m - [91merror[0m[90m TS2339: 
[0mProperty 'getMemoryBreakdown' does not exist on type 'MemoryCacheL1'.

    [7m357[0m       const breakdown = cache.getMemoryBreakdown();
    [7m   [0m [91m                              ~~~~~~~~~~~~~~~~~~[0m
    [96mtests/unit/memory-cache-l1.test.ts[0m:[93m369[0m:[93m46[0m - [91merror[0m[90m TS2554: 
[0mExpected 0 arguments, but got 1.

    [7m369[0m       const limitedCache = new MemoryCacheL1({
    [7m   [0m [91m                                             ~[0m
    [7m370[0m         maxSize: 2,
    [7m   [0m [91m~~~~~~~~~~~~~~~~~~~[0m
    [7m...[0m 
    [7m372[0m         enableLogging: false
    [7m   [0m [91m~~~~~~~~~~~~~~~~~~~~~~~~~~~~[0m
    [7m373[0m       });
    [7m   [0m [91m~~~~~~~[0m
    [96mtests/unit/memory-cache-l1.test.ts[0m:[93m403[0m:[93m20[0m - [91merror[0m[90m TS2339: 
[0mProperty 'totalRequests' does not exist on type 'CacheStats'.

    [7m403[0m       expect(stats.totalRequests).toBe(2);
    [7m   [0m [91m                   ~~~~~~~~~~~~~[0m
    [96mtests/unit/memory-cache-l1.test.ts[0m:[93m414[0m:[93m20[0m - [91merror[0m[90m TS2339: 
[0mProperty 'evictions' does not exist on type 'CacheStats'.

    [7m414[0m       expect(stats.evictions).toBeGreaterThan(0);
    [7m   [0m [91m                   ~~~~~~~~~[0m
    [96mtests/unit/memory-cache-l1.test.ts[0m:[93m426[0m:[93m21[0m - [91merror[0m[90m TS2339: 
[0mProperty 'currentSize' does not exist on type 'CacheStats'.

    [7m426[0m       expect(stats2.currentSize).toBe(2);
    [7m   [0m [91m                    ~~~~~~~~~~~[0m
    [96mtests/unit/memory-cache-l1.test.ts[0m:[93m439[0m:[93m20[0m - [91merror[0m[90m TS2339: 
[0mProperty 'oldestEntry' does not exist on type 'CacheStats'.

    [7m439[0m       expect(stats.oldestEntry).toBe(mockTime);
    [7m   [0m [91m                   ~~~~~~~~~~~[0m
    [96mtests/unit/memory-cache-l1.test.ts[0m:[93m440[0m:[93m20[0m - [91merror[0m[90m TS2339: 
[0mProperty 'newestEntry' does not exist on type 'CacheStats'.

    [7m440[0m       expect(stats.newestEntry).toBe(mockTime + 1000);
    [7m   [0m [91m                   ~~~~~~~~~~~[0m
    [96mtests/unit/memory-cache-l1.test.ts[0m:[93m446[0m:[93m20[0m - [91merror[0m[90m TS2339: 
[0mProperty 'totalRequests' does not exist on type 'CacheStats'.

    [7m446[0m       expect(stats.totalRequests).toBe(0);
    [7m   [0m [91m                   ~~~~~~~~~~~~~[0m
    [96mtests/unit/memory-cache-l1.test.ts[0m:[93m459[0m:[93m20[0m - [91merror[0m[90m TS2339: 
[0mProperty 'averageAccessTime' does not exist on type 'CacheStats'.

    [7m459[0m       expect(stats.averageAccessTime).toBeGreaterThan(0);
    [7m   [0m [91m                   ~~~~~~~~~~~~~~~~~[0m
    [96mtests/unit/memory-cache-l1.test.ts[0m:[93m474[0m:[93m21[0m - [91merror[0m[90m TS2339: 
[0mProperty 'maxSize' does not exist on type 'ICacheConfiguration'.

    [7m474[0m       expect(config.maxSize).toBe(10);
    [7m   [0m [91m                    ~~~~~~~[0m
    [96mtests/unit/memory-cache-l1.test.ts[0m:[93m476[0m:[93m21[0m - [91merror[0m[90m TS2339: 
[0mProperty 'enableLogging' does not exist on type 'ICacheConfiguration'.

    [7m476[0m       expect(config.enableLogging).toBe(true);
    [7m   [0m [91m                    ~~~~~~~~~~~~~[0m
    [96mtests/unit/memory-cache-l1.test.ts[0m:[93m488[0m:[93m28[0m - [91merror[0m[90m TS2353: 
[0mObject literal may only specify known properties, and 'maxSize' does not exist in type 
'Partial<ICacheConfiguration>'.

    [7m488[0m       cache.updateConfig({ maxSize: 2 });
    [7m   [0m [91m                           ~~~~~~~[0m
    [96mtests/unit/memory-cache-l1.test.ts[0m:[93m524[0m:[93m28[0m - [91merror[0m[90m TS2353: 
[0mObject literal may only specify known properties, and 'maxSize' does not exist in type 
'Partial<ICacheConfiguration>'.

    [7m524[0m       cache.updateConfig({ maxSize: 10 });
    [7m   [0m [91m                           ~~~~~~~[0m
    [96mtests/unit/memory-cache-l1.test.ts[0m:[93m541[0m:[93m34[0m - [91merror[0m[90m TS2341: 
[0mProperty 'cleanup' is private and only accessible within class 'MemoryCacheL1'.

    [7m541[0m       const removedCount = cache.cleanup();
    [7m   [0m [91m                                 ~~~~~~~[0m
    [96mtests/unit/memory-cache-l1.test.ts[0m:[93m563[0m:[93m34[0m - [91merror[0m[90m TS2341: 
[0mProperty 'cleanup' is private and only accessible within class 'MemoryCacheL1'.

    [7m563[0m       const removedCount = cache.cleanup();
    [7m   [0m [91m                                 ~~~~~~~[0m
    [96mtests/unit/memory-cache-l1.test.ts[0m:[93m570[0m:[93m42[0m - [91merror[0m[90m TS2554: 
[0mExpected 0 arguments, but got 1.

    [7m570[0m       const logCache = new MemoryCacheL1({
    [7m   [0m [91m                                         ~[0m
    [7m571[0m         enableLogging: true
    [7m   [0m [91m~~~~~~~~~~~~~~~~~~~~~~~~~~~[0m
    [7m572[0m       });
    [7m   [0m [91m~~~~~~~[0m
    [96mtests/unit/memory-cache-l1.test.ts[0m:[93m577[0m:[93m37[0m - [91merror[0m[90m TS2341: 
[0mProperty 'cleanup' is private and only accessible within class 'MemoryCacheL1'.

    [7m577[0m       const removedCount = logCache.cleanup();
    [7m   [0m [91m                                    ~~~~~~~[0m
    [96mtests/unit/memory-cache-l1.test.ts[0m:[93m591[0m:[93m13[0m - [91merror[0m[90m TS2339: 
[0mProperty 'onEviction' does not exist on type 'MemoryCacheL1'.

    [7m591[0m       cache.onEviction(evictionHandler);
    [7m   [0m [91m            ~~~~~~~~~~[0m
    [96mtests/unit/memory-cache-l1.test.ts[0m:[93m609[0m:[93m13[0m - [91merror[0m[90m TS2339: 
[0mProperty 'onEviction' does not exist on type 'MemoryCacheL1'.

    [7m609[0m       cache.onEviction(evictionHandler);
    [7m   [0m [91m            ~~~~~~~~~~[0m
    [96mtests/unit/memory-cache-l1.test.ts[0m:[93m617[0m:[93m13[0m - [91merror[0m[90m TS2341: 
[0mProperty 'cleanup' is private and only accessible within class 'MemoryCacheL1'.

    [7m617[0m       cache.cleanup();
    [7m   [0m [91m            ~~~~~~~[0m
    [96mtests/unit/memory-cache-l1.test.ts[0m:[93m629[0m:[93m42[0m - [91merror[0m[90m TS2554: 
[0mExpected 0 arguments, but got 1.

    [7m629[0m       const memCache = new MemoryCacheL1({
    [7m   [0m [91m                                         ~[0m
    [7m630[0m         maxSize: 10,
    [7m   [0m [91m~~~~~~~~~~~~~~~~~~~~[0m
    [7m...[0m 
    [7m632[0m         enableLogging: false
    [7m   [0m [91m~~~~~~~~~~~~~~~~~~~~~~~~~~~~[0m
    [7m633[0m       });
    [7m   [0m [91m~~~~~~~[0m
    [96mtests/unit/memory-cache-l1.test.ts[0m:[93m635[0m:[93m16[0m - [91merror[0m[90m TS2339: 
[0mProperty 'onEviction' does not exist on type 'MemoryCacheL1'.

    [7m635[0m       memCache.onEviction(evictionHandler);
    [7m   [0m [91m               ~~~~~~~~~~[0m
    [96mtests/unit/memory-cache-l1.test.ts[0m:[93m653[0m:[93m13[0m - [91merror[0m[90m TS2339: 
[0mProperty 'onEviction' does not exist on type 'MemoryCacheL1'.

    [7m653[0m       cache.onEviction(handler);
    [7m   [0m [91m            ~~~~~~~~~~[0m
    [96mtests/unit/memory-cache-l1.test.ts[0m:[93m654[0m:[93m13[0m - [91merror[0m[90m TS2339: 
[0mProperty 'offEviction' does not exist on type 'MemoryCacheL1'.

    [7m654[0m       cache.offEviction(handler);
    [7m   [0m [91m            ~~~~~~~~~~~[0m
    [96mtests/unit/memory-cache-l1.test.ts[0m:[93m668[0m:[93m26[0m - [91merror[0m[90m TS2339: 
[0mProperty 'offEviction' does not exist on type 'MemoryCacheL1'.

    [7m668[0m       expect(() => cache.offEviction(handler)).not.toThrow();
    [7m   [0m [91m                         ~~~~~~~~~~~[0m
    [96mtests/unit/memory-cache-l1.test.ts[0m:[93m678[0m:[93m13[0m - [91merror[0m[90m TS2339: 
[0mProperty 'onEviction' does not exist on type 'MemoryCacheL1'.

    [7m678[0m       cache.onEviction(badHandler);
    [7m   [0m [91m            ~~~~~~~~~~[0m
    [96mtests/unit/memory-cache-l1.test.ts[0m:[93m767[0m:[93m31[0m - [91merror[0m[90m TS2339: 
[0mProperty 'getMemoryBreakdown' does not exist on type 'MemoryCacheL1'.

    [7m767[0m       const breakdown = cache.getMemoryBreakdown();
    [7m   [0m [91m                              ~~~~~~~~~~~~~~~~~~[0m
    [96mtests/unit/memory-cache-l1.test.ts[0m:[93m774[0m:[93m42[0m - [91merror[0m[90m TS2554: 
[0mExpected 0 arguments, but got 1.

    [7m774[0m       const logCache = new MemoryCacheL1({
    [7m   [0m [91m                                         ~[0m
    [7m775[0m         enableLogging: true
    [7m   [0m [91m~~~~~~~~~~~~~~~~~~~~~~~~~~~[0m
    [7m776[0m       });
    [7m   [0m [91m~~~~~~~[0m
    [96mtests/unit/memory-cache-l1.test.ts[0m:[93m793[0m:[93m42[0m - [91merror[0m[90m TS2554: 
[0mExpected 0 arguments, but got 1.

    [7m793[0m       const logCache = new MemoryCacheL1({
    [7m   [0m [91m                                         ~[0m
    [7m794[0m         enableLogging: true
    [7m   [0m [91m~~~~~~~~~~~~~~~~~~~~~~~~~~~[0m
    [7m795[0m       });
    [7m   [0m [91m~~~~~~~[0m
    [96mtests/unit/memory-cache-l1.test.ts[0m:[93m813[0m:[93m42[0m - [91merror[0m[90m TS2554: 
[0mExpected 0 arguments, but got 1.

    [7m813[0m       const logCache = new MemoryCacheL1({
    [7m   [0m [91m                                         ~[0m
    [7m814[0m         enableLogging: true
    [7m   [0m [91m~~~~~~~~~~~~~~~~~~~~~~~~~~~[0m
    [7m815[0m       });
    [7m   [0m [91m~~~~~~~[0m
    [96mtests/unit/memory-cache-l1.test.ts[0m:[93m832[0m:[93m42[0m - [91merror[0m[90m TS2554: 
[0mExpected 0 arguments, but got 1.

    [7m832[0m       const logCache = new MemoryCacheL1({
    [7m   [0m [91m                                         ~[0m
    [7m833[0m         maxSize: 2,
    [7m   [0m [91m~~~~~~~~~~~~~~~~~~~[0m
    [7m834[0m         enableLogging: true
    [7m   [0m [91m~~~~~~~~~~~~~~~~~~~~~~~~~~~[0m
    [7m835[0m       });
    [7m   [0m [91m~~~~~~~[0m
    [96mtests/unit/memory-cache-l1.test.ts[0m:[93m854[0m:[93m42[0m - [91merror[0m[90m TS2554: 
[0mExpected 0 arguments, but got 1.

    [7m854[0m       const logCache = new MemoryCacheL1({
    [7m   [0m [91m                                         ~[0m
    [7m855[0m         maxMemoryUsage: 10, // Very small limit
    [7m   [0m [91m~~~~~~~~~~~~~~~~~~~~~~~~~~~~~~~~~~~~~~~~~~~~~~~[0m
    [7m856[0m         enableLogging: true
    [7m   [0m [91m~~~~~~~~~~~~~~~~~~~~~~~~~~~[0m
    [7m857[0m       });
    [7m   [0m [91m~~~~~~~[0m
    [96mtests/unit/memory-cache-l1.test.ts[0m:[93m873[0m:[93m43[0m - [91merror[0m[90m TS2554: 
[0mExpected 0 arguments, but got 1.

    [7m873[0m       const testCache = new MemoryCacheL1({ maxSize: 1 });
    [7m   [0m [91m                                          ~~~~~~~~~~~~~~[0m
    [96mtests/unit/memory-cache-l1.test.ts[0m:[93m898[0m:[93m44[0m - [91merror[0m[90m TS2554: 
[0mExpected 0 arguments, but got 1.

    [7m898[0m       const timerCache = new MemoryCacheL1({
    [7m   [0m [91m                                           ~[0m
    [7m899[0m         cleanupInterval: 1000
    [7m   [0m [91m~~~~~~~~~~~~~~~~~~~~~~~~~~~~~[0m
    [7m900[0m       });
    [7m   [0m [91m~~~~~~~[0m
    [96mtests/unit/memory-cache-l1.test.ts[0m:[93m917[0m:[93m44[0m - [91merror[0m[90m TS2554: 
[0mExpected 0 arguments, but got 1.

    [7m917[0m       const freshCache = new MemoryCacheL1({ maxSize: 1 });
    [7m   [0m [91m                                           ~~~~~~~~~~~~~~[0m

FAIL tests/unit/local-storage-cache-l2.test.ts
  ÔùÅ Test suite failed to run

    [96mtests/unit/local-storage-cache-l2.test.ts[0m:[93m6[0m:[93m8[0m - [91merror[0m[90m TS2613: 
[0mModule '"D:/student-analyst/src/services/LocalStorageCacheL2"' has no default export. Did you mean to 
use 'import { LocalStorageCacheL2 } from "D:/student-analyst/src/services/LocalStorageCacheL2"' instead?

    [7m6[0m import LocalStorageCacheL2, { localStorageCacheL2 } from 
'../../src/services/LocalStorageCacheL2';
    [7m [0m [91m       ~~~~~~~~~~~~~~~~~~~[0m

FAIL tests/unit/indexed-db-cache-l3.test.ts
  ÔùÅ Test suite failed to run

    [96mtests/unit/indexed-db-cache-l3.test.ts[0m:[93m6[0m:[93m8[0m - [91merror[0m[90m TS2613: 
[0mModule '"D:/student-analyst/src/services/IndexedDBCacheL3"' has no default export. Did you mean to use 
'import { IndexedDBCacheL3 } from "D:/student-analyst/src/services/IndexedDBCacheL3"' instead?

    [7m6[0m import IndexedDBCacheL3 from '../../src/services/IndexedDBCacheL3';
    [7m [0m [91m       ~~~~~~~~~~~~~~~~[0m
    [96mtests/unit/indexed-db-cache-l3.test.ts[0m:[93m763[0m:[93m91[0m - [91merror[0m[90m TS2339: 
[0mProperty 'default' does not exist on type 'typeof 
import("D:/student-analyst/src/services/IndexedDBCacheL3")'.

    [7m763[0m       const IndexedDBCacheL3Class = (await 
import('../../src/services/IndexedDBCacheL3')).default;
    [7m   [0m [91m                                                                                      
    ~~~~~~~[0m

FAIL tests/unit/cache-service.test.ts
  ÔùÅ Test suite failed to run

    [96mtests/unit/cache-service.test.ts[0m:[93m610[0m:[93m35[0m - [91merror[0m[90m TS2559: 
[0mType '{ interval: number; }' has no properties in common with type 'Partial<CleanupConfig>'.

    [7m610[0m       service.updateCleanupConfig(config);
    [7m   [0m [91m                                  ~~~~~~[0m

FAIL tests/unit/automatic-cleanup-simple.test.ts
  ÔùÅ Test suite failed to run

    [96msrc/services/AutomaticCleanupService.ts[0m:[93m402[0m:[93m42[0m - [91merror[0m[90m 
TS2339: [0mProperty 'keys' does not exist on type 'LocalStorageCacheL2'.

    [7m402[0m       const l2Keys = localStorageCacheL2.keys();
    [7m   [0m [91m                                         ~~~~[0m
    [96msrc/services/AutomaticCleanupService.ts[0m:[93m536[0m:[93m38[0m - [91merror[0m[90m 
TS2339: [0mProperty 'keys' does not exist on type 'LocalStorageCacheL2'.

    [7m536[0m           keys = localStorageCacheL2.keys();
    [7m   [0m [91m                                     ~~~~[0m

FAIL tests/unit/automatic-cleanup-service.test.ts
  ÔùÅ Test suite failed to run

    [96mtests/unit/automatic-cleanup-service.test.ts[0m:[93m121[0m:[93m72[0m - [91merror[0m[90m 
TS2345: [0mArgument of type '{ usage: number; quota: number; }' is not assignable to parameter of type 
'never'.

    [7m121[0m     (global.navigator.storage.estimate as jest.Mock).mockResolvedValue({
    [7m   [0m [91m                                                                       ~[0m
    [7m122[0m       usage: 5000,
    [7m   [0m [91m~~~~~~~~~~~~~~~~~~[0m
    [7m123[0m       quota: 10000
    [7m   [0m [91m~~~~~~~~~~~~~~~~~~[0m
    [7m124[0m     });
    [7m   [0m [91m~~~~~[0m

--------------------------------|---------|----------|---------|---------|---------------------------------------------------------------------------------------------------------------------------------------------------------
File                            | % Stmts | % Branch | % Funcs | % Lines | Uncovered Line #s                                                                                                                                       
--------------------------------|---------|----------|---------|---------|---------------------------------------------------------------------------------------------------------------------------------------------------------
All files                       |    47.3 |    40.41 |   54.62 |    47.1 |                                                                                                                                                         
 AlgorithmOptimizationEngine.ts |     100 |      100 |     100 |     100 |                                                                                                                                                         
 CacheAnalyticsEngine.ts        |     100 |      100 |     100 |     100 |                                                                                                                                                         
 IndexedDBCacheL3.ts            |   36.92 |    21.81 |   42.85 |   36.56 | 100,114,120-124,137-198,209,217,225-226,236-237,245,256,269-299,309,314,326-330,335-338,343-354,358-371,381,388,393,423-434,441-500,514,529-533,546-642 
 LocalStorageCacheL2.ts         |    37.5 |       25 |   51.28 |   37.87 | 33-58,101,105-107,118,126,134-135,154-167,173-181,186,196-199,207-219,225-230,235,255-281,295-297,322-356,364,369-395,404-410                           
 MemoryCacheL1.ts               |   44.15 |       20 |   44.73 |   44.15 | 89,93-94,101,106-107,117-123,131-134,147-148,161-163,176,186-223,230-231,270-273,280-281,289,314-383,389-390,399-402,411-417,422-423,432-479            
 StorageMonitoringService.ts    |   63.41 |    63.44 |   78.57 |   63.97 | 81,91-99,116,148,256-258,289-315,337-350,376-389,408,416-427,433-480                                                                                    
--------------------------------|---------|----------|---------|---------|---------------------------------------------------------------------------------------------------------------------------------------------------------
Jest: "global" coverage threshold for statements (80%) not met: 47.3%
Jest: "global" coverage threshold for branches (80%) not met: 40.41%
Jest: "global" coverage threshold for lines (80%) not met: 47.1%
Jest: "global" coverage threshold for functions (80%) not met: 54.62%
Test Suites: 9 failed, 3 passed, 12 total
Tests:       16 failed, 2 skipped, 154 passed, 172 total
Snapshots:   0 total
Time:        66.925 s
Ran all test suites.
